// Jest Snapshot v1, https://goo.gl/fbAQLP

exports[`Prueba en InputNumerico Debe mostrarse correctamente 1`] = `ReactWrapper {}`;
