// Jest Snapshot v1, https://goo.gl/fbAQLP

exports[`Pruebas en <Navbar /> Debe mostrarse el componente correctamente 1`] = `ReactWrapper {}`;
