// Jest Snapshot v1, https://goo.gl/fbAQLP

exports[`Pruebas en AppRouter Debe mostrar el login si no esta autenticado 1`] = `ReactWrapper {}`;
