// Jest Snapshot v1, https://goo.gl/fbAQLP

exports[`Pruebas en DashBoardRouter Debe mostrarse correctamente 1`] = `ReactWrapper {}`;
